// Jest Snapshot v1, https://goo.gl/fbAQLP

exports[`BrendSidebar.vue Snapshot component 1`] = `<figure class="logo"><img src="" alt="Ignição digital"></figure>`;
