// Jest Snapshot v1, https://goo.gl/fbAQLP

exports[`ListDashboard.vue Snapshot component 1`] = `
<section class="list">
  <div class="list__actions">
    <p class="list__amount">200 resultados encontrados</p>
    <div class="list__buttons"><select class="list__select">
        <option>Listagem</option>
      </select>
      <figure class="list__grid"><img src="" alt="Grid"></figure>
      <figure class="list__list"><img src="" alt="Lista"></figure>
    </div>
  </div>
  <div class="list__search-container"><input class="list__search" placeholder="Buscar"><img class="list__search-icon" src="" alt="Pesquisa"></div>
  <section class="item">
    <figure class="item__photo-container"><img class="item__photo" src="" alt="Photo"></figure>
    <div class="item__texts">
      <p class="item__title">Fórmula de lançamento</p>
      <p class="item__author">Por <strong>Érico Rocha</strong></p>
      <p class="item__description"> Lorem Ipsum is simply dummy text of the printing and typesetting industry. Lorem Ipsum has been the industry's standard dummy text ever since the 1500s, when an unknown printer took a galley of type and scrambled it to make a type specimen book. </p>
    </div>
    <div class="item__buy">
      <div class="item__star-button">
        <p class="item__star-note">3.5</p><img class="item__star" src="" alt="estrela">
      </div>
      <div class="item__buttons">
        <p class="item__price">R$ 2550</p>
        <div class="item__heart-box"><img src="" alt="Amei">
          <p class="item__heart-text">Amei</p>
        </div>
        <div class="item__bag-box"><img src="" alt="Comprar">
          <p class="item__bag-text">Comprar</p>
        </div>
      </div>
    </div>
  </section>
  <section class="item">
    <figure class="item__photo-container"><img class="item__photo" src="" alt="Photo"></figure>
    <div class="item__texts">
      <p class="item__title">Fórmula de lançamento</p>
      <p class="item__author">Por <strong>Érico Rocha</strong></p>
      <p class="item__description"> Lorem Ipsum is simply dummy text of the printing and typesetting industry. Lorem Ipsum has been the industry's standard dummy text ever since the 1500s, when an unknown printer took a galley of type and scrambled it to make a type specimen book. </p>
    </div>
    <div class="item__buy">
      <div class="item__star-button">
        <p class="item__star-note">3.5</p><img class="item__star" src="" alt="estrela">
      </div>
      <div class="item__buttons">
        <p class="item__price">R$ 2550</p>
        <div class="item__heart-box"><img src="" alt="Amei">
          <p class="item__heart-text">Amei</p>
        </div>
        <div class="item__bag-box"><img src="" alt="Comprar">
          <p class="item__bag-text">Comprar</p>
        </div>
      </div>
    </div>
  </section>
  <section class="item">
    <figure class="item__photo-container"><img class="item__photo" src="" alt="Photo"></figure>
    <div class="item__texts">
      <p class="item__title">Fórmula de lançamento</p>
      <p class="item__author">Por <strong>Érico Rocha</strong></p>
      <p class="item__description"> Lorem Ipsum is simply dummy text of the printing and typesetting industry. Lorem Ipsum has been the industry's standard dummy text ever since the 1500s, when an unknown printer took a galley of type and scrambled it to make a type specimen book. </p>
    </div>
    <div class="item__buy">
      <div class="item__star-button">
        <p class="item__star-note">3.5</p><img class="item__star" src="" alt="estrela">
      </div>
      <div class="item__buttons">
        <p class="item__price">R$ 2550</p>
        <div class="item__heart-box"><img src="" alt="Amei">
          <p class="item__heart-text">Amei</p>
        </div>
        <div class="item__bag-box"><img src="" alt="Comprar">
          <p class="item__bag-text">Comprar</p>
        </div>
      </div>
    </div>
  </section>
  <section class="item">
    <figure class="item__photo-container"><img class="item__photo" src="" alt="Photo"></figure>
    <div class="item__texts">
      <p class="item__title">Fórmula de lançamento</p>
      <p class="item__author">Por <strong>Érico Rocha</strong></p>
      <p class="item__description"> Lorem Ipsum is simply dummy text of the printing and typesetting industry. Lorem Ipsum has been the industry's standard dummy text ever since the 1500s, when an unknown printer took a galley of type and scrambled it to make a type specimen book. </p>
    </div>
    <div class="item__buy">
      <div class="item__star-button">
        <p class="item__star-note">3.5</p><img class="item__star" src="" alt="estrela">
      </div>
      <div class="item__buttons">
        <p class="item__price">R$ 2550</p>
        <div class="item__heart-box"><img src="" alt="Amei">
          <p class="item__heart-text">Amei</p>
        </div>
        <div class="item__bag-box"><img src="" alt="Comprar">
          <p class="item__bag-text">Comprar</p>
        </div>
      </div>
    </div>
  </section>
  <section class="item">
    <figure class="item__photo-container"><img class="item__photo" src="" alt="Photo"></figure>
    <div class="item__texts">
      <p class="item__title">Fórmula de lançamento</p>
      <p class="item__author">Por <strong>Érico Rocha</strong></p>
      <p class="item__description"> Lorem Ipsum is simply dummy text of the printing and typesetting industry. Lorem Ipsum has been the industry's standard dummy text ever since the 1500s, when an unknown printer took a galley of type and scrambled it to make a type specimen book. </p>
    </div>
    <div class="item__buy">
      <div class="item__star-button">
        <p class="item__star-note">3.5</p><img class="item__star" src="" alt="estrela">
      </div>
      <div class="item__buttons">
        <p class="item__price">R$ 2550</p>
        <div class="item__heart-box"><img src="" alt="Amei">
          <p class="item__heart-text">Amei</p>
        </div>
        <div class="item__bag-box"><img src="" alt="Comprar">
          <p class="item__bag-text">Comprar</p>
        </div>
      </div>
    </div>
  </section>
</section>
`;
